Archive member included to satisfy reference by file (symbol)

c:/program files (x86)/atmel/studio/7.0/toolchain/avr8/avr8-gnu-toolchain/bin/../lib/gcc/avr/5.4.0/../../../../avr/lib/avr5\libm.a(floatsisf.o)
                              Stream.o (__floatsisf)
c:/program files (x86)/atmel/studio/7.0/toolchain/avr8/avr8-gnu-toolchain/bin/../lib/gcc/avr/5.4.0/../../../../avr/lib/avr5\libm.a(mulsf3.o)
                              Stream.o (__mulsf3)
c:/program files (x86)/atmel/studio/7.0/toolchain/avr8/avr8-gnu-toolchain/bin/../lib/gcc/avr/5.4.0/../../../../avr/lib/avr5\libm.a(mulsf3x.o)
                              c:/program files (x86)/atmel/studio/7.0/toolchain/avr8/avr8-gnu-toolchain/bin/../lib/gcc/avr/5.4.0/../../../../avr/lib/avr5\libm.a(mulsf3.o) (__mulsf3x)
c:/program files (x86)/atmel/studio/7.0/toolchain/avr8/avr8-gnu-toolchain/bin/../lib/gcc/avr/5.4.0/../../../../avr/lib/avr5\libm.a(fp_inf.o)
                              c:/program files (x86)/atmel/studio/7.0/toolchain/avr8/avr8-gnu-toolchain/bin/../lib/gcc/avr/5.4.0/../../../../avr/lib/avr5\libm.a(mulsf3x.o) (__fp_inf)
c:/program files (x86)/atmel/studio/7.0/toolchain/avr8/avr8-gnu-toolchain/bin/../lib/gcc/avr/5.4.0/../../../../avr/lib/avr5\libm.a(fp_nan.o)
                              c:/program files (x86)/atmel/studio/7.0/toolchain/avr8/avr8-gnu-toolchain/bin/../lib/gcc/avr/5.4.0/../../../../avr/lib/avr5\libm.a(mulsf3x.o) (__fp_nan)
c:/program files (x86)/atmel/studio/7.0/toolchain/avr8/avr8-gnu-toolchain/bin/../lib/gcc/avr/5.4.0/../../../../avr/lib/avr5\libm.a(fp_pscA.o)
                              c:/program files (x86)/atmel/studio/7.0/toolchain/avr8/avr8-gnu-toolchain/bin/../lib/gcc/avr/5.4.0/../../../../avr/lib/avr5\libm.a(mulsf3x.o) (__fp_pscA)
c:/program files (x86)/atmel/studio/7.0/toolchain/avr8/avr8-gnu-toolchain/bin/../lib/gcc/avr/5.4.0/../../../../avr/lib/avr5\libm.a(fp_pscB.o)
                              c:/program files (x86)/atmel/studio/7.0/toolchain/avr8/avr8-gnu-toolchain/bin/../lib/gcc/avr/5.4.0/../../../../avr/lib/avr5\libm.a(mulsf3x.o) (__fp_pscB)
c:/program files (x86)/atmel/studio/7.0/toolchain/avr8/avr8-gnu-toolchain/bin/../lib/gcc/avr/5.4.0/../../../../avr/lib/avr5\libm.a(fp_round.o)
                              c:/program files (x86)/atmel/studio/7.0/toolchain/avr8/avr8-gnu-toolchain/bin/../lib/gcc/avr/5.4.0/../../../../avr/lib/avr5\libm.a(mulsf3.o) (__fp_round)
c:/program files (x86)/atmel/studio/7.0/toolchain/avr8/avr8-gnu-toolchain/bin/../lib/gcc/avr/5.4.0/../../../../avr/lib/avr5\libm.a(fp_split3.o)
                              c:/program files (x86)/atmel/studio/7.0/toolchain/avr8/avr8-gnu-toolchain/bin/../lib/gcc/avr/5.4.0/../../../../avr/lib/avr5\libm.a(mulsf3x.o) (__fp_split3)
c:/program files (x86)/atmel/studio/7.0/toolchain/avr8/avr8-gnu-toolchain/bin/../lib/gcc/avr/5.4.0/../../../../avr/lib/avr5\libm.a(fp_zero.o)
                              c:/program files (x86)/atmel/studio/7.0/toolchain/avr8/avr8-gnu-toolchain/bin/../lib/gcc/avr/5.4.0/../../../../avr/lib/avr5\libm.a(mulsf3x.o) (__fp_szero)
..\libcore.a(wiring.c.o)      main.o (timer0_millis)
..\libcore.a(wiring_analog.c.o)
                              main.o (analogReference)
..\libcore.a(wiring_digital.c.o)
                              SPI.o (pinMode)
..\libcore.a(new.cpp.o)       Adafruit_GFX.o (__cxa_pure_virtual)
..\libcore.a(Print.cpp.o)     Adafruit_GFX.o (_ZN5Print5writeEPKhj)
..\libcore.a(WString.cpp.o)   ..\libcore.a(Print.cpp.o) (_ZNK6StringixEj)
c:/program files (x86)/atmel/studio/7.0/toolchain/avr8/avr8-gnu-toolchain/bin/../lib/gcc/avr/5.4.0/../../../../avr/lib/avr5\libm.a(addsf3.o)
                              ..\libcore.a(Print.cpp.o) (__subsf3)
c:/program files (x86)/atmel/studio/7.0/toolchain/avr8/avr8-gnu-toolchain/bin/../lib/gcc/avr/5.4.0/../../../../avr/lib/avr5\libm.a(addsf3x.o)
                              c:/program files (x86)/atmel/studio/7.0/toolchain/avr8/avr8-gnu-toolchain/bin/../lib/gcc/avr/5.4.0/../../../../avr/lib/avr5\libm.a(addsf3.o) (__addsf3x)
c:/program files (x86)/atmel/studio/7.0/toolchain/avr8/avr8-gnu-toolchain/bin/../lib/gcc/avr/5.4.0/../../../../avr/lib/avr5\libm.a(cmpsf2.o)
                              ..\libcore.a(Print.cpp.o) (__ltsf2)
c:/program files (x86)/atmel/studio/7.0/toolchain/avr8/avr8-gnu-toolchain/bin/../lib/gcc/avr/5.4.0/../../../../avr/lib/avr5\libm.a(divsf3.o)
                              ..\libcore.a(Print.cpp.o) (__divsf3)
c:/program files (x86)/atmel/studio/7.0/toolchain/avr8/avr8-gnu-toolchain/bin/../lib/gcc/avr/5.4.0/../../../../avr/lib/avr5\libm.a(divsf3x.o)
                              c:/program files (x86)/atmel/studio/7.0/toolchain/avr8/avr8-gnu-toolchain/bin/../lib/gcc/avr/5.4.0/../../../../avr/lib/avr5\libm.a(divsf3.o) (__divsf3x)
c:/program files (x86)/atmel/studio/7.0/toolchain/avr8/avr8-gnu-toolchain/bin/../lib/gcc/avr/5.4.0/../../../../avr/lib/avr5\libm.a(fixsfsi.o)
[...]
Memory Configuration

Name             Origin             Length             Attributes
text             0x00000000         0x00020000         xr
data             0x00800060         0x0000ffa0         rw !x
eeprom           0x00810000         0x00010000         rw !x
fuse             0x00820000         0x00000003         rw !x
lock             0x00830000         0x00000400         rw !x
signature        0x00840000         0x00000400         rw !x
user_signatures  0x00850000         0x00000400         rw !x
*default*        0x00000000         0xffffffff

Linker script and memory map

Address of section .data set to 0x800100
LOAD C:/Program Files (x86)/Atmel/Studio/7.0/Packs/atmel/ATmega_DFP/1.2.150/gcc/dev/atmega328p/avr5/crtatmega328p.o
LOAD Adafruit_GFX.o
LOAD Adafruit_SSD1306.o
LOAD glcdfont.o
LOAD GPIO.o
LOAD HardwareSerial.o
LOAD i2c.o
LOAD main.o
LOAD myStack.o
LOAD SPI.o
LOAD Stream.o
START GROUP
LOAD c:/program files (x86)/atmel/studio/7.0/toolchain/avr8/avr8-gnu-toolchain/bin/../lib/gcc/avr/5.4.0/../../../../avr/lib/avr5\libm.a
LOAD ..\libcore.a
END GROUP
LOAD c:/program files (x86)/atmel/studio/7.0/toolchain/avr8/avr8-gnu-toolchain/bin/../lib/gcc/avr/5.4.0/avr5\libgcc.a
LOAD c:/program files (x86)/atmel/studio/7.0/toolchain/avr8/avr8-gnu-toolchain/bin/../lib/gcc/avr/5.4.0/../../../../avr/lib/avr5\libm.a
START GROUP
LOAD c:/program files (x86)/atmel/studio/7.0/toolchain/avr8/avr8-gnu-toolchain/bin/../lib/gcc/avr/5.4.0/avr5\libgcc.a
LOAD c:/program files (x86)/atmel/studio/7.0/toolchain/avr8/avr8-gnu-toolchain/bin/../lib/gcc/avr/5.4.0/../../../../avr/lib/avr5\libm.a
LOAD c:/program files (x86)/atmel/studio/7.0/toolchain/avr8/avr8-gnu-toolchain/bin/../lib/gcc/avr/5.4.0/../../../../avr/lib/avr5\libc.a
LOAD C:/Program Files (x86)/Atmel/Studio/7.0/Packs/atmel/ATmega_DFP/1.2.150/gcc/dev/atmega328p/avr5\libatmega328p.a
END GROUP
                0x00020000                __TEXT_REGION_LENGTH__ = DEFINED (__TEXT_REGION_LENGTH__)?__TEXT_REGION_LENGTH__:0x20000
                0x0000ffa0                __DATA_REGION_LENGTH__ = DEFINED (__DATA_REGION_LENGTH__)?__DATA_REGION_LENGTH__:0xffa0
                0x00010000                __EEPROM_REGION_LENGTH__ = DEFINED (__EEPROM_REGION_LENGTH__)?__EEPROM_REGION_LENGTH__:0x10000
                [0x00000003]                __FUSE_REGION_LENGTH__ = DEFINED (__FUSE_REGION_LENGTH__)?__FUSE_REGION_LENGTH__:0x400
                0x00000400                __LOCK_REGION_LENGTH__ = DEFINED (__LOCK_REGION_LENGTH__)?__LOCK_REGION_LENGTH__:0x400
                0x00000400                __SIGNATURE_REGION_LENGTH__ = DEFINED (__SIGNATURE_REGION_LENGTH__)?__SIGNATURE_REGION_LENGTH__:0x400
                0x00000400                __USER_SIGNATURE_REGION_LENGTH__ = DEFINED (__USER_SIGNATURE_REGION_LENGTH__)?__USER_SIGNATURE_REGION_LENGTH__:0x400

.hash
 *(.hash)

.dynsym
 *(.dynsym)

.dynstr
 *(.dynstr)

.gnu.version
 *(.gnu.version)

.gnu.version_d
 *(.gnu.version_d)

.gnu.version_r
 *(.gnu.version_r)

.rel.init
 *(.rel.init)

.rela.init
 *(.rela.init)

.rel.text
 *(.rel.text)
 *(.rel.text.*)
 *(.rel.gnu.linkonce.t*)

.rela.text
 *(.rela.text)
 *(.rela.text.*)
 *(.rela.gnu.linkonce.t*)

.rel.fini
 *(.rel.fini)

.rela.fini
 *(.rela.fini)

.rel.rodata
 *(.rel.rodata)
 *(.rel.rodata.*)
 *(.rel.gnu.linkonce.r*)

.rela.rodata
 *(.rela.rodata)
 *(.rela.rodata.*)
 *(.rela.gnu.linkonce.r*)

.rel.data
 *(.rel.data)
 *(.rel.data.*)
 *(.rel.gnu.linkonce.d*)

.rela.data
 *(.rela.data)
 *(.rela.data.*)
 *(.rela.gnu.linkonce.d*)

.rel.ctors
 *(.rel.ctors)

.rela.ctors
 *(.rela.ctors)

.rel.dtors
 *(.rel.dtors)

.rela.dtors
 *(.rela.dtors)

.rel.got
 *(.rel.got)

.rela.got
 *(.rela.got)

.rel.bss
 *(.rel.bss)

.rela.bss
 *(.rela.bss)

.rel.plt
 *(.rel.plt)

.rela.plt
 *(.rela.plt)

.text           0x00000000     0x5574
 *(.vectors)
 .vectors       0x00000000       0x68 C:/Program Files (x86)/Atmel/Studio/7.0/Packs/atmel/ATmega_DFP/1.2.150/gcc/dev/atmega328p/avr5/crtatmega328p.o
                0x00000000                __vector_default
                0x00000000                __vectors
 *(.vectors)
 *(.progmem.gcc*)
 .progmem.gcc_sw_table._Z13parse_spi_cmdPch
                0x00000068        0xe main.o
                0x00000076                . = ALIGN (0x2)
                0x00000076                __trampolines_start = .
 *(.trampolines)
 .trampolines   0x00000076        0x0 linker stubs
 *(.trampolines*)
                0x00000076                __trampolines_end = .
 *libprintf_flt.a:*(.progmem.data)
 *libc.a:*(.progmem.data)
 *(.progmem*)
 .progmem.data._ZL4font
                0x00000076      0x4fb Adafruit_GFX.o
 .progmem.data._ZZ13parse_spi_cmdPchE3__c_2
                0x00000571       0x19 main.o
 .progmem.data._ZZ13parse_spi_cmdPchE3__c_1
                0x0000058a       0x14 main.o
 .progmem.data._ZZ13parse_spi_cmdPchE3__c_0
                0x0000059e       0x15 main.o
 .progmem.data._ZZ13parse_spi_cmdPchE3__c
                0x000005b3       0x24 main.o
 .progmem.data._ZZ14stop_streamingvE3__c_1
                0x000005d7       0x12 main.o
 .progmem.data._ZZ14stop_streamingvE3__c_0
                0x000005e9        0x9 main.o
 .progmem.data._ZZ14stop_streamingvE3__c
                0x000005f2        0xa main.o
 .progmem.data._ZZ10showPinOutvE3__c_1
                0x000005fc       0x16 main.o
 .progmem.data._ZZ10showPinOutvE3__c_0
                0x00000612       0x12 main.o
 .progmem.data._ZZ10showPinOutvE3__c
                0x00000624       0x16 main.o
 .progmem.data._ZZ5usagevE3__c_42
                0x0000063a       0x3f main.o
 .progmem.data._ZZ5usagevE3__c_41
                0x00000679       0x3d main.o
 .progmem.data._ZZ5usagevE3__c_40
                0x000006b6       0x66 main.o
 .progmem.data._ZZ5usagevE3__c_39
                0x0000071c       0x38 main.o
 .progmem.data._ZZ5usagevE3__c_38
                0x00000754       0x20 main.o
 .progmem.data._ZZ5usagevE3__c_37
                0x00000774       0x7a main.o
 .progmem.data._ZZ5usagevE3__c_36
                0x000007ee       0x29 main.o
 .progmem.data._ZZ5usagevE3__c_35
                0x00000817       0x71 main.o
 .progmem.data._ZZ5usagevE3__c_34
                0x00000888       0x1c main.o
 .progmem.data._ZZ5usagevE3__c_33
                0x000008a4       0x25 main.o
 .progmem.data._ZZ5usagevE3__c_32
                0x000008c9       0x28 main.o
 .progmem.data._ZZ5usagevE3__c_31
                0x000008f1       0x24 main.o
 .progmem.data._ZZ5usagevE3__c_30
                0x00000915       0x23 main.o
 .progmem.data._ZZ5usagevE3__c_29
                0x00000938       0x29 main.o
 .progmem.data._ZZ5usagevE3__c_28
                0x00000961       0x28 main.o
 .progmem.data._ZZ5usagevE3__c_27
                0x00000989       0x1f main.o
 .progmem.data._ZZ5usagevE3__c_26
                0x000009a8       0x1d main.o
 .progmem.data._ZZ5usagevE3__c_25
                0x000009c5       0x26 main.o
 .progmem.data._ZZ5usagevE3__c_24
                0x000009eb       0x2e main.o
 .progmem.data._ZZ5usagevE3__c_23
                0x00000a19       0x6c main.o
 .progmem.data._ZZ5usagevE3__c_22
                0x00000a85       0x5a main.o
 .progmem.data._ZZ5usagevE3__c_21
                0x00000adf       0x36 main.o
 .progmem.data._ZZ5usagevE3__c_20
                0x00000b15       0x2e main.o
 .progmem.data._ZZ5usagevE3__c_19
                0x00000b43       0x6c main.o
 .progmem.data._ZZ5usagevE3__c_18
                0x00000baf       0x75 main.o
 .progmem.data._ZZ5usagevE3__c_17
                0x00000c24       0x36 main.o
 .progmem.data._ZZ5usagevE3__c_16
                0x00000c5a       0x2c main.o
 .progmem.data._ZZ5usagevE3__c_15
                0x00000c86       0x48 main.o
 .progmem.data._ZZ5usagevE3__c_14
                0x00000cce       0x29 main.o
 .progmem.data._ZZ5usagevE3__c_13
                0x00000cf7       0x1d main.o
 .progmem.data._ZZ5usagevE3__c_12
                0x00000d14       0x56 main.o
 .progmem.data._ZZ5usagevE3__c_11
                0x00000d6a       0x3a main.o
 .progmem.data._ZZ5usagevE3__c_10
                0x00000da4       0x3c main.o
 .progmem.data._ZZ5usagevE3__c_9
                0x00000de0       0x25 main.o
 .progmem.data._ZZ5usagevE3__c_8
                0x00000e05       0x4a main.o
 .progmem.data._ZZ5usagevE3__c_7
                0x00000e4f       0x21 main.o
 .progmem.data._ZZ5usagevE3__c_6
                0x00000e70       0x52 main.o
 .progmem.data._ZZ5usagevE3__c_5
                0x00000ec2       0x2f main.o
 .progmem.data._ZZ5usagevE3__c_4
                0x00000ef1       0x21 main.o
 .progmem.data._ZZ5usagevE3__c_3
                0x00000f12       0x22 main.o
 .progmem.data._ZZ5usagevE3__c_2
                0x00000f34       0x1a main.o
 .progmem.data._ZZ5usagevE3__c_1
                0x00000f4e       0x18 main.o
 .progmem.data._ZZ5usagevE3__c_0
                0x00000f66       0x19 main.o
 .progmem.data._ZZ5usagevE3__c
                0x00000f7f       0x19 main.o
 .progmem.data._ZZ13readSerialCmdvE3__c_83
                0x00000f98        0x9 main.o
 .progmem.data._ZZ13readSerialCmdvE3__c_82
                0x00000fa1        0x8 main.o
 .progmem.data._ZZ13readSerialCmdvE3__c_81
                0x00000fa9        0x8 main.o
 .progmem.data._ZZ13readSerialCmdvE3__c_80
                0x00000fb1        0xd main.o
 .progmem.data._ZZ13readSerialCmdvE3__c_79
                0x00000fbe       0x35 main.o
 .progmem.data._ZZ13readSerialCmdvE3__c_78
                0x00000ff3       0x18 main.o
 .progmem.data._ZZ13readSerialCmdvE3__c_77
                0x0000100b        0x8 main.o
 .progmem.data._ZZ13readSerialCmdvE3__c_76
                0x00001013        0xa main.o
 .progmem.data._ZZ13readSerialCmdvE3__c_75
                0x0000101d       0x35 main.o
 .progmem.data._ZZ13readSerialCmdvE3__c_74
                0x00001052       0x30 main.o
 .progmem.data._ZZ13readSerialCmdvE3__c_73
                0x00001082       0x18 main.o
 .progmem.data._ZZ13readSerialCmdvE3__c_72
                0x0000109a        0x8 main.o
 .progmem.data._ZZ13readSerialCmdvE3__c_71
                0x000010a2        0xd main.o
 .progmem.data._ZZ13readSerialCmdvE3__c_70
                0x000010af        0xc main.o
 .progmem.data._ZZ13readSerialCmdvE3__c_69
                0x000010bb        0x8 main.o
 .progmem.data._ZZ13readSerialCmdvE3__c_68
                0x000010c3       0x1d main.o
 .progmem.data._ZZ13readSerialCmdvE3__c_67
                0x000010e0       0x1c main.o
 .progmem.data._ZZ13readSerialCmdvE3__c_66
                0x000010fc        0x8 main.o
 .progmem.data._ZZ13readSerialCmdvE3__c_65
                0x00001104       0x1a main.o
 .progmem.data._ZZ13readSerialCmdvE3__c_64
                0x0000111e       0x19 main.o
 .progmem.data._ZZ13readSerialCmdvE3__c_63
                0x00001137       0x10 main.o
 .progmem.data._ZZ13readSerialCmdvE3__c_62
                0x00001147       0x11 main.o
 .progmem.data._ZZ13readSerialCmdvE3__c_61
                0x00001158       0x10 main.o
 .progmem.data._ZZ13readSerialCmdvE3__c_60
                0x00001168       0x14 main.o
 .progmem.data._ZZ13readSerialCmdvE3__c_59
                0x0000117c       0x1e main.o
 .progmem.data._ZZ13readSerialCmdvE3__c_58
                0x0000119a       0x19 main.o
 .progmem.data._ZZ13readSerialCmdvE3__c_57
                0x000011b3        0x8 main.o
 .progmem.data._ZZ13readSerialCmdvE3__c_56
                0x000011bb        0x8 main.o
 .progmem.data._ZZ13readSerialCmdvE3__c_55
                0x000011c3        0xd main.o
 .progmem.data._ZZ13readSerialCmdvE3__c_54
                0x000011d0        0x9 main.o
 .progmem.data._ZZ13readSerialCmdvE3__c_53
                0x000011d9       0x22 main.o
 .progmem.data._ZZ13readSerialCmdvE3__c_52
                0x000011fb       0x32 main.o
 .progmem.data._ZZ13readSerialCmdvE3__c_51
                0x0000122d        0x8 main.o
 .progmem.data._ZZ13readSerialCmdvE3__c_50
                0x00001235       0x1a main.o
 .progmem.data._ZZ13readSerialCmdvE3__c_49
                0x0000124f        0x9 main.o
 .progmem.data._ZZ13readSerialCmdvE3__c_48
                0x00001258       0x22 main.o
 .progmem.data._ZZ13readSerialCmdvE3__c_47
                0x0000127a       0x30 main.o
 .progmem.data._ZZ13readSerialCmdvE3__c_46
                0x000012aa        0x8 main.o
 .progmem.data._ZZ13readSerialCmdvE3__c_45
                0x000012b2       0x16 main.o
 .progmem.data._ZZ13readSerialCmdvE3__c_44
                0x000012c8       0x16 main.o
 .progmem.data._ZZ13readSerialCmdvE3__c_43
                0x000012de        0xd main.o
 .progmem.data._ZZ13readSerialCmdvE3__c_42
                0x000012eb        0x6 main.o
 .progmem.data._ZZ13readSerialCmdvE3__c_41
                0x000012f1        0x8 main.o
 .progmem.data._ZZ13readSerialCmdvE3__c_40
                0x000012f9        0x8 main.o
 .progmem.data._ZZ13readSerialCmdvE3__c_39
                0x00001301        0x8 main.o
 .progmem.data._ZZ13readSerialCmdvE3__c_38
                0x00001309        0x8 main.o
 .progmem.data._ZZ13readSerialCmdvE3__c_37
                0x00001311        0x8 main.o
 .progmem.data._ZZ13readSerialCmdvE3__c_36
                0x00001319        0x8 main.o
 .progmem.data._ZZ13readSerialCmdvE3__c_35
                0x00001321        0x8 main.o
 .progmem.data._ZZ13readSerialCmdvE3__c_34
                0x00001329        0x4 main.o
 .progmem.data._ZZ13readSerialCmdvE3__c_33
                0x0000132d        0x9 main.o
 .progmem.data._ZZ13readSerialCmdvE3__c_32
                0x00001336        0x9 main.o
 .progmem.data._ZZ13readSerialCmdvE3__c_31
                0x0000133f        0xb main.o
 .progmem.data._ZZ13readSerialCmdvE3__c_30
                0x0000134a        0x8 main.o
 .progmem.data._ZZ13readSerialCmdvE3__c_29
                0x00001352        0x6 main.o
 .progmem.data._ZZ13readSerialCmdvE3__c_28
                0x00001358        0x8 main.o
 .progmem.data._ZZ13readSerialCmdvE3__c_27
                0x00001360        0x8 main.o
 .progmem.data._ZZ13readSerialCmdvE3__c_26
                0x00001368        0x8 main.o
 .progmem.data._ZZ13readSerialCmdvE3__c_25
                0x00001370        0x5 main.o
 .progmem.data._ZZ13readSerialCmdvE3__c_23
                0x00001375        0x8 main.o
 .progmem.data._ZZ13readSerialCmdvE3__c_22
                0x0000137d        0x8 main.o
 .progmem.data._ZZ13readSerialCmdvE3__c_21
                0x00001385        0x8 main.o
 .progmem.data._ZZ13readSerialCmdvE3__c_20
                0x0000138d        0x8 main.o
 .progmem.data._ZZ13readSerialCmdvE3__c_19
                0x00001395        0x8 main.o
 .progmem.data._ZZ13readSerialCmdvE3__c_18
                0x0000139d        0x4 main.o
 .progmem.data._ZZ13readSerialCmdvE3__c_17
                0x000013a1        0x5 main.o
 .progmem.data._ZZ13readSerialCmdvE3__c_16
                0x000013a6        0x7 main.o
 .progmem.data._ZZ13readSerialCmdvE3__c_15
                0x000013ad        0x6 main.o
 .progmem.data._ZZ13readSerialCmdvE3__c_14
                0x000013b3        0x8 main.o
 .progmem.data._ZZ13readSerialCmdvE3__c_13
                0x000013bb        0x8 main.o
 .progmem.data._ZZ13readSerialCmdvE3__c_12
                0x000013c3        0x9 main.o
 .progmem.data._ZZ13readSerialCmdvE3__c_11
                0x000013cc        0x6 main.o
 .progmem.data._ZZ13readSerialCmdvE3__c_10
                0x000013d2        0x8 main.o
 .progmem.data._ZZ13readSerialCmdvE3__c_9
                0x000013da        0x8 main.o
 .progmem.data._ZZ13readSerialCmdvE3__c_8
                0x000013e2        0x7 main.o
 .progmem.data._ZZ13readSerialCmdvE3__c_7
                0x000013e9        0x7 main.o
 .progmem.data._ZZ13readSerialCmdvE3__c_6
                0x000013f0        0x6 main.o
 .progmem.data._ZZ13readSerialCmdvE3__c_5
                0x000013f6        0x5 main.o
 .progmem.data._ZZ13readSerialCmdvE3__c_4
                0x000013fb        0x4 main.o
 .progmem.data._ZZ13readSerialCmdvE3__c_3
                0x000013ff        0x5 main.o
 .progmem.data._ZZ13readSerialCmdvE3__c_2
                0x00001404        0x5 main.o
 .progmem.data._ZZ13readSerialCmdvE3__c_1
                0x00001409        0x6 main.o
 .progmem.data._ZZ13readSerialCmdvE3__c_0
                0x0000140f        0x8 main.o
 .progmem.data._ZZ13readSerialCmdvE3__c
                0x00001417        0x8 main.o
 .progmem.data._ZZ12initPlatformvE3__c_1
                0x0000141f        0xb main.o
 .progmem.data._ZZ12initPlatformvE3__c_0
                0x0000142a        0x9 main.o
 .progmem.data._ZZ12initPlatformvE3__c
                0x00001433       0x13 main.o
 .progmem.data._ZL5cmd38
                0x00001446        0x5 main.o
 .progmem.data._ZL5cmd37
                0x0000144b        0x5 main.o
 .progmem.data._ZL5cmd36
                0x00001450        0x6 main.o
 .progmem.data._ZL5cmd35
                0x00001456        0x8 main.o
 .progmem.data._ZL5cmd34
                0x0000145e        0x7 main.o
 .progmem.data._ZL5cmd33
                0x00001465        0x9 main.o
 .progmem.data._ZL5cmd32
                0x0000146e        0x8 main.o
 .progmem.data._ZL5cmd31
                0x00001476        0x8 main.o
 .progmem.data._ZL5cmd30
                0x0000147e        0xa main.o
 .progmem.data._ZL5cmd29
                0x00001488        0xb main.o
 .progmem.data._ZL5cmd28
                0x00001493        0x9 main.o
 .progmem.data._ZL5cmd27
                0x0000149c        0x9 main.o
 .progmem.data._ZL5cmd26
                0x000014a5        0x7 main.o
 .progmem.data._ZL5cmd25
                0x000014ac        0x7 main.o
 .progmem.data._ZL5cmd24
                0x000014b3        0x8 main.o
 .progmem.data._ZL5cmd23
                0x000014bb        0x8 main.o
 .progmem.data._ZL5cmd22
                0x000014c3        0x8 main.o
 .progmem.data._ZL5cmd21
                0x000014cb        0x9 main.o
 .progmem.data._ZL5cmd19
                0x000014d4        0x5 main.o
 .progmem.data._ZL5cmd18
                0x000014d9        0x5 main.o
 .progmem.data._ZL5cmd16
                0x000014de        0x7 main.o
 .progmem.data._ZL5cmd15
                0x000014e5        0x5 main.o
 .progmem.data._ZL5cmd14
                0x000014ea        0x5 main.o
 .progmem.data._ZL5cmd13
                0x000014ef        0x4 main.o
 .progmem.data._ZL5cmd11
                0x000014f3        0x4 main.o
 .progmem.data._ZL5cmd10
                0x000014f7        0x7 main.o
 .progmem.data._ZL4cmd9
                0x000014fe        0x5 main.o
 .progmem.data._ZL4cmd8
                0x00001503        0x5 main.o
 .progmem.data._ZL4cmd5
                0x00001508        0x4 main.o
 .progmem.data._ZL4cmd4
                0x0000150c        0x4 main.o
 .progmem.data._ZL4cmd3
                0x00001510        0x5 main.o
 .progmem.data._ZL4cmd2
                0x00001515        0x5 main.o
 .progmem.data._ZL4cmd1
                0x0000151a        0x6 main.o
 .progmem.data  0x00001520       0x5a ..\libcore.a(wiring_digital.c.o)
                0x00001520                port_to_mode_PGM
                0x0000152a                port_to_output_PGM
                0x00001534                port_to_input_PGM
                0x0000153e                digital_pin_to_port_PGM
                0x00001552                digital_pin_to_bit_mask_PGM
                0x00001566                digital_pin_to_timer_PGM
                0x0000157a                . = ALIGN (0x2)
 *(.jumptables)
 *(.jumptables*)
 *(.lowtext)
 *(.lowtext*)
                0x0000157a                __ctors_start = .
 *(.ctors)
 .ctors         0x0000157a        0x2 HardwareSerial.o
 .ctors         0x0000157c        0x2 main.o
                0x0000157e                __ctors_end = .
                0x0000157e                __dtors_start = .
 *(.dtors)
                0x0000157e                __dtors_end = .
 SORT(*)(.ctors)
 SORT(*)(.dtors)
 *(.init0)
 .init0         0x0000157e        0x0 C:/Program Files (x86)/Atmel/Studio/7.0/Packs/atmel/ATmega_DFP/1.2.150/gcc/dev/atmega328p/avr5/crtatmega328p.o
                0x0000157e                __init
 *(.init0)
 *(.init1)
 *(.init1)
 *(.init2)
 .init2         0x0000157e        0xc C:/Program Files (x86)/Atmel/Studio/7.0/Packs/atmel/ATmega_DFP/1.2.150/gcc/dev/atmega328p/avr5/crtatmega328p.o
 *(.init2)
 *(.init3)
 *(.init3)
 *(.init4)
 .init4         0x0000158a       0x16 c:/program files (x86)/atmel/studio/7.0/toolchain/avr8/avr8-gnu-toolchain/bin/../lib/gcc/avr/5.4.0/avr5\libgcc.a(_copy_data.o)
                0x0000158a                __do_copy_data
 .init4         0x000015a0       0x10 c:/program files (x86)/atmel/studio/7.0/toolchain/avr8/avr8-gnu-toolchain/bin/../lib/gcc/avr/5.4.0/avr5\libgcc.a(_clear_bss.o)
                0x000015a0                __do_clear_bss
 *(.init4)
 *(.init5)
 *(.init5)
 *(.init6)
 .init6         0x000015b0       0x16 c:/program files (x86)/atmel/studio/7.0/toolchain/avr8/avr8-gnu-toolchain/bin/../lib/gcc/avr/5.4.0/avr5\libgcc.a(_ctors.o)
                0x000015b0                __do_global_ctors
 *(.init6)
 *(.init7)
 *(.init7)
 *(.init8)
 *(.init8)
 *(.init9)
 .init9         0x000015c6        0x8 C:/Program Files (x86)/Atmel/Studio/7.0/Packs/atmel/ATmega_DFP/1.2.150/gcc/dev/atmega328p/avr5/crtatmega328p.o
 *(.init9)
 *(.text)
 .text          0x000015ce        0x4 C:/Program Files (x86)/Atmel/Studio/7.0/Packs/atmel/ATmega_DFP/1.2.150/gcc/dev/atmega328p/avr5/crtatmega328p.o
                0x000015ce                __vector_22
                0x000015ce                __vector_24
                0x000015ce                __vector_12
                0x000015ce                __bad_interrupt
                0x000015ce                __vector_6
                0x000015ce                __vector_3
                0x000015ce                __vector_23
                0x000015ce                __vector_25
                0x000015ce                __vector_11
                0x000015ce                __vector_13
                0x000015ce                __vector_17
                0x000015ce                __vector_7
                0x000015ce                __vector_5
                0x000015ce                __vector_4
                0x000015ce                __vector_9
                0x000015ce                __vector_21
                0x000015ce                __vector_15
                0x000015ce                __vector_8
                0x000015ce                __vector_14
                0x000015ce                __vector_10
                0x000015ce                __vector_20
                0x000015d2                . = ALIGN (0x2)
 *(.text.*)
 .text._ZN12Adafruit_GFX8drawLineEiiiij
                0x000015d2      0x164 Adafruit_GFX.o
                0x000015d2                _ZN12Adafruit_GFX8drawLineEiiiij
 .text._ZN12Adafruit_GFX8drawRectEiiiij
                0x00001736       0x9e Adafruit_GFX.o
                0x00001736                _ZN12Adafruit_GFX8drawRectEiiiij
 .text._ZN12Adafruit_GFX13drawFastVLineEiiij
                0x000017d4       0x2e Adafruit_GFX.o
                0x000017d4                _ZN12Adafruit_GFX13drawFastVLineEiiij
 .text._ZN12Adafruit_GFX13drawFastHLineEiiij
                0x00001802       0x2c Adafruit_GFX.o
                0x00001802                _ZN12Adafruit_GFX13drawFastHLineEiiij
 .text._ZN12Adafruit_GFX8fillRectEiiiij
                0x0000182e       0x6a Adafruit_GFX.o
                0x0000182e                _ZN12Adafruit_GFX8fillRectEiiiij
 .text._ZN12Adafruit_GFX10fillScreenEj
                0x00001898       0x3a Adafruit_GFX.o
                0x00001898                _ZN12Adafruit_GFX10fillScreenEj
 .text._ZN12Adafruit_GFX13invertDisplayEh
                0x000018d2        0x2 Adafruit_GFX.o
                0x000018d2                _ZN12Adafruit_GFX13invertDisplayEh
 .text._ZN12Adafruit_GFXC2Eii
                0x000018d4       0x3c Adafruit_GFX.o
                0x000018d4                _ZN12Adafruit_GFXC2Eii
                0x000018d4                _ZN12Adafruit_GFXC1Eii
 .text._ZN12Adafruit_GFX8drawCharEiihjjh
                0x00001910      0x1ae Adafruit_GFX.o
                0x00001910                _ZN12Adafruit_GFX8drawCharEiihjjh
 .text._ZN12Adafruit_GFX5writeEh
                0x00001abe       0xac Adafruit_GFX.o
                0x00001abe                _ZN12Adafruit_GFX5writeEh
 .text._ZN12Adafruit_GFX9setCursorEii
                0x00001b6a        0xc Adafruit_GFX.o
                0x00001b6a                _ZN12Adafruit_GFX9setCursorEii
 .text._ZN12Adafruit_GFX11setTextSizeEh
                0x00001b76        0xc Adafruit_GFX.o
                0x00001b76                _ZN12Adafruit_GFX11setTextSizeEh
 .text._ZN12Adafruit_GFX12setTextColorEj
                0x00001b82        0xc Adafruit_GFX.o
                0x00001b82                _ZN12Adafruit_GFX12setTextColorEj
 .text._ZN12Adafruit_GFX11setTextWrapEh
                0x00001b8e        0x6 Adafruit_GFX.o
                0x00001b8e                _ZN12Adafruit_GFX11setTextWrapEh
 .text._ZNK12Adafruit_GFX11getRotationEv
                0x00001b94        0x6 Adafruit_GFX.o
                0x00001b94                _ZNK12Adafruit_GFX11getRotationEv
 .text._ZNK12Adafruit_GFX5widthEv
                0x00001b9a        0x8 Adafruit_GFX.o
                0x00001b9a                _ZNK12Adafruit_GFX5widthEv
 .text._ZNK12Adafruit_GFX6heightEv
                0x00001ba2        0x8 Adafruit_GFX.o
                0x00001ba2                _ZNK12Adafruit_GFX6heightEv
 .text._ZN16Adafruit_SSD130613drawFastHLineEiiij
                0x00001baa      0x2b6 Adafruit_SSD1306.o
                0x00001baa                _ZN16Adafruit_SSD130613drawFastHLineEiiij
 .text._ZN16Adafruit_SSD130613drawFastVLineEiiij
                0x00001e60      0x2b4 Adafruit_SSD1306.o
                0x00001e60                _ZN16Adafruit_SSD130613drawFastVLineEiiij
 .text._ZN16Adafruit_SSD13069drawPixelEiij
                0x00002114      0x16e Adafruit_SSD1306.o
                0x00002114                _ZN16Adafruit_SSD13069drawPixelEiij
 .text._ZN16Adafruit_SSD1306C2Ev
                0x00002282       0x2a Adafruit_SSD1306.o
                0x00002282                _ZN16Adafruit_SSD1306C2Ev
                0x00002282                _ZN16Adafruit_SSD1306C1Ev
 .text._ZN16Adafruit_SSD130615ssd1306_commandEh
                0x000022ac       0x26 Adafruit_SSD1306.o
                0x000022ac                _ZN16Adafruit_SSD130615ssd1306_commandEh
 .text._ZN16Adafruit_SSD13065beginEhhb
                0x000022d2       0xf8 Adafruit_SSD1306.o
                0x000022d2                _ZN16Adafruit_SSD13065beginEhhb
 .text._ZN16Adafruit_SSD130613invertDisplayEh
                0x000023ca        0xe Adafruit_SSD1306.o
                0x000023ca                _ZN16Adafruit_SSD130613invertDisplayEh
 .text._ZN16Adafruit_SSD13063dimEh
                0x000023d8       0x32 Adafruit_SSD1306.o
                0x000023d8                _ZN16Adafruit_SSD13063dimEh
 .text._ZN16Adafruit_SSD13067displayEv
                0x0000240a       0x70 Adafruit_SSD1306.o
                0x0000240a                _ZN16Adafruit_SSD13067displayEv
 .text._ZN16Adafruit_SSD130612clearDisplayEv
                0x0000247a       0x16 Adafruit_SSD1306.o
                0x0000247a                _ZN16Adafruit_SSD130612clearDisplayEv
 .text._ZN4GPIO11parsePinMapEh
                0x00002490       0x32 GPIO.o
                0x00002490                _ZN4GPIO11parsePinMapEh
 .text._ZN4GPIO9setOutPutEv
                0x000024c2       0x24 GPIO.o
                0x000024c2                _ZN4GPIO9setOutPutEv
 .text._ZN4GPIO4HighEv
                0x000024e6       0x24 GPIO.o
                0x000024e6                _ZN4GPIO4HighEv
 .text._ZN4GPIO3LowEv
                0x0000250a       0x26 GPIO.o
                0x0000250a                _ZN4GPIO3LowEv
 .text._ZN4GPIO6toggleEv
                0x00002530       0x2a GPIO.o
                0x00002530                _ZN4GPIO6toggleEv
 .text._ZN4GPIO16setInputPullDownEv
                0x0000255a       0x3c GPIO.o
                0x0000255a                _ZN4GPIO16setInputPullDownEv
 .text._ZN4GPIO14setInputPullUpEv
                0x00002596       0x3a GPIO.o
                0x00002596                _ZN4GPIO14setInputPullUpEv
 .text._ZN4GPIO8getStateEv
                0x000025d0       0x24 GPIO.o
                0x000025d0                _ZN4GPIO8getStateEv
 .text._ZN4GPIOC2Eh
                0x000025f4        0x4 GPIO.o
                0x000025f4                _ZN4GPIOC1Eh
                0x000025f4                _ZN4GPIOC2Eh
 .text._ZN14HardwareSerial9availableEv
                0x000025f8       0x20 HardwareSerial.o
                0x000025f8                _ZN14HardwareSerial9availableEv
 .text._ZN14HardwareSerial4peekEv
                0x00002618       0x38 HardwareSerial.o
                0x00002618                _ZN14HardwareSerial4peekEv
 .text._ZN14HardwareSerial4readEv
                0x00002650       0x40 HardwareSerial.o
                0x00002650                _ZN14HardwareSerial4readEv
 .text._ZN14HardwareSerial5flushEv
                0x00002690       0x24 HardwareSerial.o
                0x00002690                _ZN14HardwareSerial5flushEv
 .text._ZN14HardwareSerial5writeEh
                0x000026b4       0x94 HardwareSerial.o
                0x000026b4                _ZN14HardwareSerial5writeEh
 .text._Z11serialEventv
                0x00002748        0x2 HardwareSerial.o
                0x00002748                _Z11serialEventv
 .text.__vector_18
                0x0000274a      0x12c HardwareSerial.o
                0x0000274a                __vector_18
 .text._Z14serialEventRunv
                0x00002876       0x12 HardwareSerial.o
                0x00002876                _Z14serialEventRunv
 .text.__vector_19
                0x00002888       0x76 HardwareSerial.o
                0x00002888                __vector_19
 .text._ZN14HardwareSerial3endEv
                0x000028fe       0xb0 HardwareSerial.o
                0x000028fe                _ZN14HardwareSerial3endEv
 .text._ZN14HardwareSerial16crStatusDetectedEv
                0x000029ae        0xe HardwareSerial.o
                0x000029ae                _ZN14HardwareSerial16crStatusDetectedEv
 .text._ZN14HardwareSerial10enableEchoEv
                0x000029bc        0x8 HardwareSerial.o
                0x000029bc                _ZN14HardwareSerial10enableEchoEv
 .text._ZN14HardwareSerial11disableEchoEv
                0x000029c4        0x6 HardwareSerial.o
                0x000029c4                _ZN14HardwareSerial11disableEchoEv
 .text._ZN14HardwareSerial13inWhiteSpacesEv
                0x000029ca        0x6 HardwareSerial.o
                0x000029ca                _ZN14HardwareSerial13inWhiteSpacesEv
 .text._ZN14HardwareSerial13exWhiteSpacesEv
                0x000029d0        0x8 HardwareSerial.o
                0x000029d0                _ZN14HardwareSerial13exWhiteSpacesEv
 .text._ZN14HardwareSerial15snoopModeEnableEv
                0x000029d8       0x54 HardwareSerial.o
                0x000029d8                _ZN14HardwareSerial15snoopModeEnableEv
 .text._ZN14HardwareSerial16snoopModeDisableEv
                0x00002a2c       0x22 HardwareSerial.o
                0x00002a2c                _ZN14HardwareSerial16snoopModeDisableEv
 .text._ZN14HardwareSerial5beginEm
                0x00002a4e      0x112 HardwareSerial.o
                0x00002a4e                _ZN14HardwareSerial5beginEm
 .text.startup._GLOBAL__sub_I_rx_buffer
                0x00002b60       0x6e HardwareSerial.o
 .text._Z8i2c_initm
                0x00002bce       0x40 i2c.o
                0x00002bce                _Z8i2c_initm
 .text._Z9i2c_startv
                0x00002c0e       0x78 i2c.o
                0x00002c0e                _Z9i2c_startv
 .text._Z13i2c_rep_startv
                0x00002c86       0x78 i2c.o
                0x00002c86                _Z13i2c_rep_startv
 .text._Z12i2c_transmith
                0x00002cfe       0x78 i2c.o
                0x00002cfe                _Z12i2c_transmith
 .text._Z11i2c_receivehPh
                0x00002d76       0x80 i2c.o
                0x00002d76                _Z11i2c_receivehPh
 .text._Z12i2c_tx_sla_rh
                0x00002df6        0x8 i2c.o
                0x00002df6                _Z12i2c_tx_sla_rh
 .text._Z12i2c_tx_sla_wh
                0x00002dfe        0x6 i2c.o
                0x00002dfe                _Z12i2c_tx_sla_wh
 .text._Z9i2c_writehhPhh
                0x00002e04       0x52 i2c.o
                0x00002e04                _Z9i2c_writehhPhh
 .text._Z8i2c_readhhPhh
                0x00002e56       0x7c i2c.o
                0x00002e56                _Z8i2c_readhhPhh
 .text._Z8i2c_pingh
                0x00002ed2       0x22 i2c.o
                0x00002ed2                _Z8i2c_pingh
 .text.loop     0x00002ef4      0x254 main.o
                0x00002ef4                loop
 .text._Z19i2c_internal_pullupb
                0x00003148       0x5c main.o
                0x00003148                _Z19i2c_internal_pullupb
 .text._Z12initPlatformv
                0x000031a4       0x96 main.o
                0x000031a4                _Z12initPlatformv
 .text.__vector_1
                0x0000323a       0x14 main.o
                0x0000323a                __vector_1
 .text.__vector_2
                0x0000324e       0x14 main.o
                0x0000324e                __vector_2
 .text._Z7replyOKv
                0x00003262        0xc main.o
                0x00003262                _Z7replyOKv
 .text._Z8isPwmPinh
                0x0000326e       0x1e main.o
                0x0000326e                _Z8isPwmPinh
 .text._Z12watchDog_offv
                0x0000328c       0x26 main.o
                0x0000328c                _Z12watchDog_offv
 .text._Z16resetSysUsingWDTv
                0x000032b2       0x24 main.o
                0x000032b2                _Z16resetSysUsingWDTv
 .text._Z5usagev
                0x000032d6      0x210 main.o
                0x000032d6                _Z5usagev
 .text._Z10showPinOutv
                0x000034e6       0x4e main.o
                0x000034e6                _Z10showPinOutv
 .text._Z14stop_streamingv
                0x00003534       0x66 main.o
                0x00003534                _Z14stop_streamingv
 .text._Z8getParamPchh
                0x0000359a      0x124 main.o
                0x0000359a                _Z8getParamPchh
 .text._Z12populateDataPchhh
                0x000036be       0xa4 main.o
                0x000036be                _Z12populateDataPchhh
 .text._Z13parse_spi_cmdPch
                0x00003762      0x21a main.o
                0x00003762                _Z13parse_spi_cmdPch
 .text._Z13parse_i2c_cmdPch
                0x0000397c      0x1a6 main.o
                0x0000397c                _Z13parse_i2c_cmdPch
 .text._Z15setPwmFrequencyii
                0x00003b22      0x100 main.o
                0x00003b22                _Z15setPwmFrequencyii
 .text.startup._GLOBAL__sub_I_lcd
                0x00003c22        0x8 main.o
 .text._Z14readUntilTokenPchh.part.2
                0x00003c2a       0x6e main.o
 .text._Z13readSerialCmdv
                0x00003c98      0xdb0 main.o
                0x00003c98                _Z13readSerialCmdv
 .text.startup.main
                0x00004a48       0x2e main.o
                0x00004a48                main
 .text._ZN8SPIClass5beginEv
                0x00004a76       0x3e SPI.o
                0x00004a76                _ZN8SPIClass5beginEv
 .text._ZN8SPIClass3endEv
                0x00004ab4        0x8 SPI.o
                0x00004ab4                _ZN8SPIClass3endEv
 .text._ZN8SPIClass11setBitOrderEh
                0x00004abc       0x12 SPI.o
                0x00004abc                _ZN8SPIClass11setBitOrderEh
 .text._ZN8SPIClass11setDataModeEh
                0x00004ace        0xa SPI.o
                0x00004ace                _ZN8SPIClass11setDataModeEh
 .text._ZN8SPIClass15setClockDividerEh
                0x00004ad8       0x1e SPI.o
                0x00004ad8                _ZN8SPIClass15setClockDividerEh
 .text._ZN8SPIClass12isSPIenabledEv
                0x00004af6       0x12 SPI.o
                0x00004af6                _ZN8SPIClass12isSPIenabledEv
 .text.__vector_16
                0x00004b08       0x90 ..\libcore.a(wiring.c.o)
                0x00004b08                __vector_16
 .text.millis   0x00004b98       0x1c ..\libcore.a(wiring.c.o)
                0x00004b98                millis
 .text.delay    0x00004bb4       0xb2 ..\libcore.a(wiring.c.o)
                0x00004bb4                delay
 .text.init     0x00004c66       0x76 ..\libcore.a(wiring.c.o)
                0x00004c66                init
 .text.analogReference
                0x00004cdc        0x6 ..\libcore.a(wiring_analog.c.o)
                0x00004cdc                analogReference
 .text.analogRead
                0x00004ce2       0x44 ..\libcore.a(wiring_analog.c.o)
                0x00004ce2                analogRead
 .text.analogWrite
                0x00004d26       0xc0 ..\libcore.a(wiring_analog.c.o)
                0x00004d26                analogWrite
 .text.pinMode  0x00004de6       0x7e ..\libcore.a(wiring_digital.c.o)
                0x00004de6                pinMode
 .text.digitalWrite
                0x00004e64       0xa8 ..\libcore.a(wiring_digital.c.o)
                0x00004e64                digitalWrite
 .text.digitalRead
                0x00004f0c       0xa6 ..\libcore.a(wiring_digital.c.o)
                0x00004f0c                digitalRead
 .text.__cxa_pure_virtual
                0x00004fb2        0x2 ..\libcore.a(new.cpp.o)
                0x00004fb2                __cxa_pure_virtual
 .text._ZN5Print5writeEPKhj
                0x00004fb4       0x54 ..\libcore.a(Print.cpp.o)
                0x00004fb4                _ZN5Print5writeEPKhj
 .text._ZN5Print5printEPK19__FlashStringHelper
                0x00005008       0x46 ..\libcore.a(Print.cpp.o)
                0x00005008                _ZN5Print5printEPK19__FlashStringHelper
 .text._ZN5Print5printEc
                0x0000504e       0x10 ..\libcore.a(Print.cpp.o)
                0x0000504e                _ZN5Print5printEc
 .text._ZN5Print7printlnEv
                0x0000505e       0x40 ..\libcore.a(Print.cpp.o)
                0x0000505e                _ZN5Print7printlnEv
 .text._ZN5Print7printlnEPK19__FlashStringHelper
                0x0000509e       0x28 ..\libcore.a(Print.cpp.o)
                0x0000509e                _ZN5Print7printlnEPK19__FlashStringHelper
 .text._ZN5Print7printlnEc
                0x000050c6       0x30 ..\libcore.a(Print.cpp.o)
                0x000050c6                _ZN5Print7printlnEc
 .text._ZN5Print5writeEPKc
                0x000050f6       0x28 ..\libcore.a(Print.cpp.o)
                0x000050f6                _ZN5Print5writeEPKc
 .text._ZN5Print11printNumberEmh
                0x0000511e       0xc8 ..\libcore.a(Print.cpp.o)
                0x0000511e                _ZN5Print11printNumberEmh
 .text._ZN5Print5printEmi
                0x000051e6       0x1e ..\libcore.a(Print.cpp.o)
                0x000051e6                _ZN5Print5printEmi
 .text._ZN5Print5printEji
                0x00005204       0x22 ..\libcore.a(Print.cpp.o)
                0x00005204                _ZN5Print5printEji
 .text._ZN5Print7printlnEji
                0x00005226       0x3a ..\libcore.a(Print.cpp.o)
                0x00005226                _ZN5Print7printlnEji
 .text._ZN5Print5printEhi
                0x00005260       0x24 ..\libcore.a(Print.cpp.o)
                0x00005260                _ZN5Print5printEhi
 .text._ZN5Print7printlnEhi
                0x00005284       0x3c ..\libcore.a(Print.cpp.o)
                0x00005284                _ZN5Print7printlnEhi
 .text._ZN5Print5printEli
                0x000052c0       0x80 ..\libcore.a(Print.cpp.o)
                0x000052c0                _ZN5Print5printEli
 .text._ZN5Print5printEii
                0x00005340       0x26 ..\libcore.a(Print.cpp.o)
                0x00005340                _ZN5Print5printEii
 .text._ZN5Print7printlnEii
                0x00005366       0x3e ..\libcore.a(Print.cpp.o)
                0x00005366                _ZN5Print7printlnEii
 .text._ZN5Print5printEPKc
                0x000053a4        0x6 ..\libcore.a(Print.cpp.o)
                0x000053a4                _ZN5Print5printEPKc
 .text._ZN5Print7printlnEPKc
                0x000053aa       0x26 ..\libcore.a(Print.cpp.o)
                0x000053aa                _ZN5Print7printlnEPKc
 .text.libgcc.mul
                0x000053d0       0x20 c:/program files (x86)/atmel/studio/7.0/toolchain/avr8/avr8-gnu-toolchain/bin/../lib/gcc/avr/5.4.0/avr5\libgcc.a(_mulsi3.o)
                0x000053d0                __mulsi3
 .text.libgcc.div
                0x000053f0       0x44 c:/program files (x86)/atmel/studio/7.0/toolchain/avr8/avr8-gnu-toolchain/bin/../lib/gcc/avr/5.4.0/avr5\libgcc.a(_udivmodsi4.o)
                0x000053f0                __udivmodsi4
 .text.libgcc   0x00005434        0xc c:/program files (x86)/atmel/studio/7.0/toolchain/avr8/avr8-gnu-toolchain/bin/../lib/gcc/avr/5.4.0/avr5\libgcc.a(_tablejump2.o)
                0x00005434                __tablejump2__
 .text.libgcc.mul
                0x00005440       0x16 c:/program files (x86)/atmel/studio/7.0/toolchain/avr8/avr8-gnu-toolchain/bin/../lib/gcc/avr/5.4.0/avr5\libgcc.a(_muluhisi3.o)
                0x00005440                __muluhisi3
 .text.libgcc.mul
                0x00005456       0x1e c:/program files (x86)/atmel/studio/7.0/toolchain/avr8/avr8-gnu-toolchain/bin/../lib/gcc/avr/5.4.0/avr5\libgcc.a(_umulhisi3.o)
                0x00005456                __umulhisi3
 .text.avr-libc
                0x00005474       0x3c c:/program files (x86)/atmel/studio/7.0/toolchain/avr8/avr8-gnu-toolchain/bin/../lib/gcc/avr/5.4.0/../../../../avr/lib/avr5\libc.a(atoi.o)
                0x00005474                atoi
 .text.avr-libc
                0x000054b0       0x12 c:/program files (x86)/atmel/studio/7.0/toolchain/avr8/avr8-gnu-toolchain/bin/../lib/gcc/avr/5.4.0/../../../../avr/lib/avr5\libc.a(strcmp_P.o)
                0x000054b0                strcmp_P
 .text.avr-libc
                0x000054c2       0x1c c:/program files (x86)/atmel/studio/7.0/toolchain/avr8/avr8-gnu-toolchain/bin/../lib/gcc/avr/5.4.0/../../../../avr/lib/avr5\libc.a(strncmp_P.o)
                0x000054c2                strncmp_P
 .text.avr-libc
                0x000054de       0x14 c:/program files (x86)/atmel/studio/7.0/toolchain/avr8/avr8-gnu-toolchain/bin/../lib/gcc/avr/5.4.0/../../../../avr/lib/avr5\libc.a(strlwr.o)
                0x000054de                strlwr
 .text.avr-libc
                0x000054f2       0x1c c:/program files (x86)/atmel/studio/7.0/toolchain/avr8/avr8-gnu-toolchain/bin/../lib/gcc/avr/5.4.0/../../../../avr/lib/avr5\libc.a(strncmp.o)
                0x000054f2                strncmp
 .text.avr-libc
                0x0000550e       0x1e c:/program files (x86)/atmel/studio/7.0/toolchain/avr8/avr8-gnu-toolchain/bin/../lib/gcc/avr/5.4.0/../../../../avr/lib/avr5\libc.a(strncpy.o)
                0x0000550e                strncpy
 .text.avr-libc
                0x0000552c       0x34 c:/program files (x86)/atmel/studio/7.0/toolchain/avr8/avr8-gnu-toolchain/bin/../lib/gcc/avr/5.4.0/../../../../avr/lib/avr5\libc.a(strstr.o)
                0x0000552c                strstr
 .text.avr-libc
                0x00005560       0x10 c:/program files (x86)/atmel/studio/7.0/toolchain/avr8/avr8-gnu-toolchain/bin/../lib/gcc/avr/5.4.0/../../../../avr/lib/avr5\libc.a(mul10.o)
                0x00005560                __mulhi_const_10
                0x00005570                . = ALIGN (0x2)
 *(.fini9)
 .fini9         0x00005570        0x0 c:/program files (x86)/atmel/studio/7.0/toolchain/avr8/avr8-gnu-toolchain/bin/../lib/gcc/avr/5.4.0/avr5\libgcc.a(_exit.o)
                0x00005570                _exit
                0x00005570                exit
 *(.fini9)
 *(.fini8)
 *(.fini8)
 *(.fini7)
 *(.fini7)
 *(.fini6)
 *(.fini6)
 *(.fini5)
 *(.fini5)
 *(.fini4)
 *(.fini4)
 *(.fini3)
 *(.fini3)
 *(.fini2)
 *(.fini2)
 *(.fini1)
 *(.fini1)
 *(.fini0)
 .fini0         0x00005570        0x4 c:/program files (x86)/atmel/studio/7.0/toolchain/avr8/avr8-gnu-toolchain/bin/../lib/gcc/avr/5.4.0/avr5\libgcc.a(_exit.o)
 *(.fini0)
                0x00005574                _etext = .

.data           0x00800100      0x2a8 load address 0x00005574
                0x00800100                PROVIDE (__data_start, .)
 *(.data)
 *(.data*)
 .data._ZZN16Adafruit_SSD130621drawFastVLineInternalEiiijE8postmask
                0x00800100        0x8 Adafruit_SSD1306.o
                0x00800100                _ZZN16Adafruit_SSD130621drawFastVLineInternalEiiijE8postmask
 .data._ZZN16Adafruit_SSD130621drawFastVLineInternalEiiijE7premask
                0x00800108        0x8 Adafruit_SSD1306.o
                0x00800108                _ZZN16Adafruit_SSD130621drawFastVLineInternalEiiijE7premask
 .data._ZL6buffer
                0x00800110      0x200 Adafruit_SSD1306.o
 .data.timeout_val
                0x00800310        0x2 i2c.o
                0x00800310                timeout_val
 .data.analog_reference
                0x00800312        0x1 ..\libcore.a(wiring_analog.c.o)
                0x00800312                analog_reference
 *(.gnu.linkonce.d*)
 *(.rodata)
 *(.rodata*)
 .rodata._ZTV12Adafruit_GFX
                0x00800313       0x18 Adafruit_GFX.o
                0x00800313                _ZTV12Adafruit_GFX
 .rodata._ZTV16Adafruit_SSD1306
                0x0080032b       0x18 Adafruit_SSD1306.o
                0x0080032b                _ZTV16Adafruit_SSD1306
 .rodata._ZTV14HardwareSerial
                0x00800343       0x10 HardwareSerial.o
                0x00800343                _ZTV14HardwareSerial
 .rodata.str1.1
                0x00800353       0x55 main.o
 *(.gnu.linkonce.r*)
                0x008003a8                . = ALIGN (0x2)
                0x008003a8                _edata = .
                0x008003a8                PROVIDE (__data_end, .)

.bss            0x008003a8      0x14b
                0x008003a8                PROVIDE (__bss_start, .)
 *(.bss)
 *(.bss*)
 .bss.Serial    0x008003a8       0x23 HardwareSerial.o
                0x008003a8                Serial
 .bss.overflow_count
                0x008003cb        0x2 HardwareSerial.o
                0x008003cb                overflow_count
 .bss.tx_buffer
                0x008003cd       0x44 HardwareSerial.o
                0x008003cd                tx_buffer
 .bss.rx_buffer
                0x00800411       0x44 HardwareSerial.o
                0x00800411                rx_buffer
 .bss.time_stamp
                0x00800455        0x4 i2c.o
                0x00800455                time_stamp
 .bss.last_rst_was_by_wdt
                0x00800459        0x1 main.o
                0x00800459                last_rst_was_by_wdt
 .bss.i2c_cmd_structure
                0x0080045a        0xd main.o
                0x0080045a                i2c_cmd_structure
 .bss.spi_cmd_structure
                0x00800467        0xb main.o
                0x00800467                spi_cmd_structure
 .bss.spi_config
                0x00800472        0x5 main.o
                0x00800472                spi_config
 .bss.backspace_det
                0x00800477        0x1 main.o
                0x00800477                backspace_det
 .bss.case_sensitivity_status
                0x00800478        0x1 main.o
                0x00800478                case_sensitivity_status
 .bss.port_stream
                0x00800479        0x1 main.o
                0x00800479                port_stream
 .bss.digital_stream_flag
                0x0080047a        0x1 main.o
                0x0080047a                digital_stream_flag
 .bss.digital_stream_pin
                0x0080047b        0x1 main.o
                0x0080047b                digital_stream_pin
 .bss.analog_stream_flag
                0x0080047c        0x1 main.o
                0x0080047c                analog_stream_flag
 .bss.analog_stream_pin
                0x0080047d        0x1 main.o
                0x0080047d                analog_stream_pin
 .bss.uartBufCharCount
                0x0080047e        0x1 main.o
                0x0080047e                uartBufCharCount
 .bss.btCmdReplyBuffer
                0x0080047f       0x40 main.o
                0x0080047f                btCmdReplyBuffer
 .bss.lcd       0x008004bf       0x2b main.o
                0x008004bf                lcd
 .bss.timer0_overflow_count
                0x008004ea        0x4 ..\libcore.a(wiring.c.o)
                0x008004ea                timer0_overflow_count
 .bss.timer0_millis
                0x008004ee        0x4 ..\libcore.a(wiring.c.o)
                0x008004ee                timer0_millis
 .bss.timer0_fract
                0x008004f2        0x1 ..\libcore.a(wiring.c.o)
 *(COMMON)
                0x008004f3                PROVIDE (__bss_end, .)
                0x00005574                __data_load_start = LOADADDR (.data)
                0x0000581c                __data_load_end = (__data_load_start + SIZEOF (.data))

.noinit         0x008004f3        0x0
                [!provide]                PROVIDE (__noinit_start, .)
 *(.noinit*)
                [!provide]                PROVIDE (__noinit_end, .)
                0x008004f3                _end = .
                0x008004f3                PROVIDE (__heap_start, .)

.eeprom         0x00810000        0x0
 *(.eeprom*)
                0x00810000                __eeprom_end = .

.fuse
 *(.fuse)
 *(.lfuse)
 *(.hfuse)
 *(.efuse)

.lock
 *(.lock*)

.signature
 *(.signature*)

.user_signatures
 *(.user_signatures*)

.stab
 *(.stab)

.stabstr
 *(.stabstr)

.stab.excl
 *(.stab.excl)

.stab.exclstr
 *(.stab.exclstr)

.stab.index
 *(.stab.index)

.stab.indexstr
 *(.stab.indexstr)

.comment        0x00000000       0x30
 *(.comment)
 .comment       0x00000000       0x30 Adafruit_GFX.o
                                 0x31 (size before relaxing)
 .comment       0x00000030       0x31 Adafruit_SSD1306.o
 .comment       0x00000030       0x31 GPIO.o
 .comment       0x00000030       0x31 HardwareSerial.o
 .comment       0x00000030       0x31 i2c.o
 .comment       0x00000030       0x31 main.o
 .comment       0x00000030       0x31 SPI.o

.note.gnu.avr.deviceinfo
                0x00000000       0x40
 .note.gnu.avr.deviceinfo
                0x00000000       0x40 C:/Program Files (x86)/Atmel/Studio/7.0/Packs/atmel/ATmega_DFP/1.2.150/gcc/dev/atmega328p/avr5/crtatmega328p.o

.note.gnu.build-id
 *(.note.gnu.build-id)

.debug
 *(.debug)

.line
 *(.line)

.debug_srcinfo
 *(.debug_srcinfo)

.debug_sfnames
 *(.debug_sfnames)

.debug_aranges  0x00000000      0x1e0
 *(.debug_aranges)
 .debug_aranges
                0x00000000       0x48 ..\libcore.a(wiring.c.o)
 .debug_aranges
                0x00000048       0x30 ..\libcore.a(wiring_analog.c.o)
 .debug_aranges
                0x00000078       0x30 ..\libcore.a(wiring_digital.c.o)
 .debug_aranges
                0x000000a8       0x48 ..\libcore.a(new.cpp.o)
 .debug_aranges
                0x000000f0       0xf0 ..\libcore.a(Print.cpp.o)

.debug_pubnames
                0x00000000      0x455
 *(.debug_pubnames)
 .debug_pubnames
                0x00000000       0x8d ..\libcore.a(wiring.c.o)
 .debug_pubnames
                0x0000008d       0x5a ..\libcore.a(wiring_analog.c.o)
 .debug_pubnames
                0x000000e7       0xda ..\libcore.a(wiring_digital.c.o)
 .debug_pubnames
                0x000001c1       0x94 ..\libcore.a(new.cpp.o)
 .debug_pubnames
                0x00000255      0x200 ..\libcore.a(Print.cpp.o)

.debug_info     0x00000000     0x2c7f
 *(.debug_info .gnu.linkonce.wi.*)
 .debug_info    0x00000000      0x5f4 C:/Program Files (x86)/Atmel/Studio/7.0/Packs/atmel/ATmega_DFP/1.2.150/gcc/dev/atmega328p/avr5/crtatmega328p.o
 .debug_info    0x000005f4      0x31c ..\libcore.a(wiring.c.o)
 .debug_info    0x00000910      0x22b ..\libcore.a(wiring_analog.c.o)
 .debug_info    0x00000b3b      0x592 ..\libcore.a(wiring_digital.c.o)
 .debug_info    0x000010cd      0x13b ..\libcore.a(new.cpp.o)
 .debug_info    0x00001208     0x1a77 ..\libcore.a(Print.cpp.o)

.debug_abbrev   0x00000000      0xdc0
 *(.debug_abbrev)
 .debug_abbrev  0x00000000      0x5a2 C:/Program Files (x86)/Atmel/Studio/7.0/Packs/atmel/ATmega_DFP/1.2.150/gcc/dev/atmega328p/avr5/crtatmega328p.o
 .debug_abbrev  0x000005a2      0x17d ..\libcore.a(wiring.c.o)
 .debug_abbrev  0x0000071f      0x117 ..\libcore.a(wiring_analog.c.o)
 .debug_abbrev  0x00000836      0x177 ..\libcore.a(wiring_digital.c.o)
 .debug_abbrev  0x000009ad       0xdd ..\libcore.a(new.cpp.o)
 .debug_abbrev  0x00000a8a      0x336 ..\libcore.a(Print.cpp.o)

.debug_line     0x00000000     0x14f9
 *(.debug_line .debug_line.* .debug_line_end)
 .debug_line    0x00000000      0x133 C:/Program Files (x86)/Atmel/Studio/7.0/Packs/atmel/ATmega_DFP/1.2.150/gcc/dev/atmega328p/avr5/crtatmega328p.o
 .debug_line    0x00000133      0x3e7 ..\libcore.a(wiring.c.o)
 .debug_line    0x0000051a      0x2e9 ..\libcore.a(wiring_analog.c.o)
 .debug_line    0x00000803      0x35b ..\libcore.a(wiring_digital.c.o)
 .debug_line    0x00000b5e      0x20c ..\libcore.a(new.cpp.o)
 .debug_line    0x00000d6a      0x78f ..\libcore.a(Print.cpp.o)

.debug_frame    0x00000000      0x320
 *(.debug_frame)
 .debug_frame   0x00000000       0x70 ..\libcore.a(wiring.c.o)
 .debug_frame   0x00000070       0x40 ..\libcore.a(wiring_analog.c.o)
 .debug_frame   0x000000b0       0x40 ..\libcore.a(wiring_digital.c.o)
 .debug_frame   0x000000f0       0x70 ..\libcore.a(new.cpp.o)
 .debug_frame   0x00000160      0x1c0 ..\libcore.a(Print.cpp.o)

.debug_str      0x00000000     0x1108
 *(.debug_str)
 .debug_str     0x00000000      0x208 C:/Program Files (x86)/Atmel/Studio/7.0/Packs/atmel/ATmega_DFP/1.2.150/gcc/dev/atmega328p/avr5/crtatmega328p.o
 .debug_str     0x00000208      0x12c ..\libcore.a(wiring.c.o)
                                0x16c (size before relaxing)
 .debug_str     0x00000334       0xcb ..\libcore.a(wiring_analog.c.o)
                                0x16a (size before relaxing)
 .debug_str     0x000003ff      0x100 ..\libcore.a(wiring_digital.c.o)
                                0x1d7 (size before relaxing)
 .debug_str     0x000004ff       0xef ..\libcore.a(new.cpp.o)
                                0x113 (size before relaxing)
 .debug_str     0x000005ee      0xb1a ..\libcore.a(Print.cpp.o)
                                0xc09 (size before relaxing)

.debug_loc      0x00000000     0x120d
 *(.debug_loc)
 .debug_loc     0x00000000      0x16d ..\libcore.a(wiring.c.o)
 .debug_loc     0x0000016d      0x13a ..\libcore.a(wiring_analog.c.o)
 .debug_loc     0x000002a7      0x15e ..\libcore.a(wiring_digital.c.o)
 .debug_loc     0x00000405       0x80 ..\libcore.a(new.cpp.o)
 .debug_loc     0x00000485      0xd88 ..\libcore.a(Print.cpp.o)

.debug_macinfo
 *(.debug_macinfo)

.debug_weaknames
 *(.debug_weaknames)

.debug_funcnames
 *(.debug_funcnames)

.debug_typenames
 *(.debug_typenames)

.debug_varnames
 *(.debug_varnames)

.debug_pubtypes
 *(.debug_pubtypes)

.debug_ranges   0x00000000      0x1b8
 *(.debug_ranges)
 .debug_ranges  0x00000000       0x40 ..\libcore.a(wiring.c.o)
 .debug_ranges  0x00000040       0x28 ..\libcore.a(wiring_analog.c.o)
 .debug_ranges  0x00000068       0x28 ..\libcore.a(wiring_digital.c.o)
 .debug_ranges  0x00000090       0x40 ..\libcore.a(new.cpp.o)
 .debug_ranges  0x000000d0       0xe8 ..\libcore.a(Print.cpp.o)

.debug_macro
 *(.debug_macro)
OUTPUT(DDAT_Platform.elf elf32-avr)
LOAD linker stubs
